LTspice 26.0.2 for Windows
Circuit: D:\Shared\LPspice_circuit\self\bone_sweep_analysis\refine\decks_20260921-232158\r1_5p0V_20uA.net
Start Time: Mon Sep 21 23:22:01 2026
D:\Shared\LPspice_circuit\self\bone_sweep_analysis\refine\decks_20260921-232158\r1_5p0V_20uA.net(17): This pin name equals one of the port names of the sub-circuit, but at a different position. This is not a problem, but note that as a result none of the pin names may be used by any .meas expressions.
X§U2 BONE_N STIM_GATE I_SENSE T2N7002AK_G0_00 ;§pnba 3)1)2
                                                     ^

.step rb=250000
solver = Normal
Maximum thread count: 12
tnom = 27
temp = 27
method = trap
Direct Newton iteration failed to find operating point.
Starting Gmin stepping
Gmin stepping succeeded in finding the operating point.

D:\Shared\LPspice_circuit\self\bone_sweep_analysis\refine\decks_20260921-232158\r1_5p0V_20uA.net(17): This pin name equals one of the port names of the sub-circuit, but at a different position. This is not a problem, but note that as a result none of the pin names may be used by any .meas expressions.
X§U2 BONE_N STIM_GATE I_SENSE T2N7002AK_G0_00 ;§pnba 3)1)2
                                                     ^

.step rb=251000
Direct Newton iteration failed to find operating point.
Starting Gmin stepping
Gmin stepping succeeded in finding the operating point.

D:\Shared\LPspice_circuit\self\bone_sweep_analysis\refine\decks_20260921-232158\r1_5p0V_20uA.net(17): This pin name equals one of the port names of the sub-circuit, but at a different position. This is not a problem, but note that as a result none of the pin names may be used by any .meas expressions.
X§U2 BONE_N STIM_GATE I_SENSE T2N7002AK_G0_00 ;§pnba 3)1)2
                                                     ^

.step rb=252000
Direct Newton iteration failed to find operating point.
Starting Gmin stepping
Gmin stepping succeeded in finding the operating point.

D:\Shared\LPspice_circuit\self\bone_sweep_analysis\refine\decks_20260921-232158\r1_5p0V_20uA.net(17): This pin name equals one of the port names of the sub-circuit, but at a different position. This is not a problem, but note that as a result none of the pin names may be used by any .meas expressions.
X§U2 BONE_N STIM_GATE I_SENSE T2N7002AK_G0_00 ;§pnba 3)1)2
                                                     ^

.step rb=253000
Direct Newton iteration failed to find operating point.
Starting Gmin stepping
Gmin stepping succeeded in finding the operating point.

D:\Shared\LPspice_circuit\self\bone_sweep_analysis\refine\decks_20260921-232158\r1_5p0V_20uA.net(17): This pin name equals one of the port names of the sub-circuit, but at a different position. This is not a problem, but note that as a result none of the pin names may be used by any .meas expressions.
X§U2 BONE_N STIM_GATE I_SENSE T2N7002AK_G0_00 ;§pnba 3)1)2
                                                     ^

.step rb=254000
Direct Newton iteration failed to find operating point.
Starting Gmin stepping
Gmin stepping succeeded in finding the operating point.

D:\Shared\LPspice_circuit\self\bone_sweep_analysis\refine\decks_20260921-232158\r1_5p0V_20uA.net(17): This pin name equals one of the port names of the sub-circuit, but at a different position. This is not a problem, but note that as a result none of the pin names may be used by any .meas expressions.
X§U2 BONE_N STIM_GATE I_SENSE T2N7002AK_G0_00 ;§pnba 3)1)2
                                                     ^

.step rb=255000
Direct Newton iteration failed to find operating point.
Starting Gmin stepping
Gmin stepping succeeded in finding the operating point.

D:\Shared\LPspice_circuit\self\bone_sweep_analysis\refine\decks_20260921-232158\r1_5p0V_20uA.net(17): This pin name equals one of the port names of the sub-circuit, but at a different position. This is not a problem, but note that as a result none of the pin names may be used by any .meas expressions.
X§U2 BONE_N STIM_GATE I_SENSE T2N7002AK_G0_00 ;§pnba 3)1)2
                                                     ^

.step rb=256000
Direct Newton iteration failed to find operating point.
Starting Gmin stepping
Gmin stepping succeeded in finding the operating point.

D:\Shared\LPspice_circuit\self\bone_sweep_analysis\refine\decks_20260921-232158\r1_5p0V_20uA.net(17): This pin name equals one of the port names of the sub-circuit, but at a different position. This is not a problem, but note that as a result none of the pin names may be used by any .meas expressions.
X§U2 BONE_N STIM_GATE I_SENSE T2N7002AK_G0_00 ;§pnba 3)1)2
                                                     ^

.step rb=257000
Direct Newton iteration failed to find operating point.
Starting Gmin stepping
Gmin stepping succeeded in finding the operating point.

D:\Shared\LPspice_circuit\self\bone_sweep_analysis\refine\decks_20260921-232158\r1_5p0V_20uA.net(17): This pin name equals one of the port names of the sub-circuit, but at a different position. This is not a problem, but note that as a result none of the pin names may be used by any .meas expressions.
X§U2 BONE_N STIM_GATE I_SENSE T2N7002AK_G0_00 ;§pnba 3)1)2
                                                     ^

.step rb=258000
Direct Newton iteration failed to find operating point.
Starting Gmin stepping
Gmin stepping succeeded in finding the operating point.

D:\Shared\LPspice_circuit\self\bone_sweep_analysis\refine\decks_20260921-232158\r1_5p0V_20uA.net(17): This pin name equals one of the port names of the sub-circuit, but at a different position. This is not a problem, but note that as a result none of the pin names may be used by any .meas expressions.
X§U2 BONE_N STIM_GATE I_SENSE T2N7002AK_G0_00 ;§pnba 3)1)2
                                                     ^

.step rb=259000
Direct Newton iteration failed to find operating point.
Starting Gmin stepping
Gmin stepping succeeded in finding the operating point.

D:\Shared\LPspice_circuit\self\bone_sweep_analysis\refine\decks_20260921-232158\r1_5p0V_20uA.net(17): This pin name equals one of the port names of the sub-circuit, but at a different position. This is not a problem, but note that as a result none of the pin names may be used by any .meas expressions.
X§U2 BONE_N STIM_GATE I_SENSE T2N7002AK_G0_00 ;§pnba 3)1)2
                                                     ^

.step rb=260000
Direct Newton iteration failed to find operating point.
Starting Gmin stepping
Gmin stepping succeeded in finding the operating point.

Total elapsed time: 0.576 seconds.

Files loaded:
D:\Shared\LPspice_circuit\self\bone_sweep_analysis\refine\decks_20260921-232158\r1_5p0V_20uA.net
C:\Users\Liuxm\AppData\Local\LTspice\lib\sub\Contrib\Toshiba\LVMOS\T2N7002AK_G0_00_enc.lib
C:\Users\Liuxm\AppData\Local\LTspice\lib\sub\UniversalOpAmp2.lib


Measurement: ibone
  step	AVG(-I(R_BONE) )	FROM	TO
     1	1.97544810709e-05	0.012	0.015
     2	1.96812058538e-05	0.012	0.015
     3	1.96036670469e-05	0.012	0.015
     4	1.95271216858e-05	0.012	0.015
     5	1.94512113011e-05	0.012	0.015
     6	1.93758205569e-05	0.012	0.015
     7	1.93010118891e-05	0.012	0.015
     8	1.92267771125e-05	0.012	0.015
     9	1.91531116797e-05	0.012	0.015
    10	1.90800101335e-05	0.012	0.015
    11	1.90074633791e-05	0.012	0.015

Measurement: vbone
  step	AVG(V(BONE_P,BONE_N) )	FROM	TO
     1	4.9386202617	0.012	0.015
     2	4.93998265113	0.012	0.015
     3	4.94012409803	0.012	0.015
     4	4.94036179408	0.012	0.015
     5	4.94060784783	0.012	0.015
     6	4.94083424495	0.012	0.015
     7	4.94105889092	0.012	0.015
     8	4.94128180936	0.012	0.015
     9	4.94150302022	0.012	0.015
    10	4.94172254272	0.012	0.015
    11	4.94194039586	0.012	0.015

Measurement: ierr
  step	100*abs(IBONE-IREF)/IREF
     1	1.22759464538
     2	1.59397073083
     3	1.9816647656
     4	2.36439157075
     5	2.74394349446
     6	3.12089721561
     7	3.49494055458
     8	3.86611443733
     9	4.23444160166
    10	4.59994933242
    11	4.96268310433

Measurement: pass
  step	if(IERR<=1,1,0)
     1	0
     2	0
     3	0
     4	0
     5	0
     6	0
     7	0
     8	0
     9	0
    10	0
    11	0
