LTspice 26.0.2 for Windows
Circuit: D:\Shared\LPspice_circuit\self\bone_sweep_analysis\refine\decks_20260921-232158\r3_10p0V_10uA.net
Start Time: Mon Sep 21 23:22:24 2026
D:\Shared\LPspice_circuit\self\bone_sweep_analysis\refine\decks_20260921-232158\r3_10p0V_10uA.net(17): This pin name equals one of the port names of the sub-circuit, but at a different position. This is not a problem, but note that as a result none of the pin names may be used by any .meas expressions.
X§U2 BONE_N STIM_GATE I_SENSE T2N7002AK_G0_00 ;§pnba 3)1)2
                                                     ^

.step rb=996800
solver = Normal
Maximum thread count: 12
tnom = 27
temp = 27
method = trap
Direct Newton iteration failed to find operating point.
Starting Gmin stepping
Gmin stepping succeeded in finding the operating point.

D:\Shared\LPspice_circuit\self\bone_sweep_analysis\refine\decks_20260921-232158\r3_10p0V_10uA.net(17): This pin name equals one of the port names of the sub-circuit, but at a different position. This is not a problem, but note that as a result none of the pin names may be used by any .meas expressions.
X§U2 BONE_N STIM_GATE I_SENSE T2N7002AK_G0_00 ;§pnba 3)1)2
                                                     ^

.step rb=996810
Direct Newton iteration failed to find operating point.
Starting Gmin stepping
Gmin stepping succeeded in finding the operating point.

D:\Shared\LPspice_circuit\self\bone_sweep_analysis\refine\decks_20260921-232158\r3_10p0V_10uA.net(17): This pin name equals one of the port names of the sub-circuit, but at a different position. This is not a problem, but note that as a result none of the pin names may be used by any .meas expressions.
X§U2 BONE_N STIM_GATE I_SENSE T2N7002AK_G0_00 ;§pnba 3)1)2
                                                     ^

.step rb=996820
Direct Newton iteration failed to find operating point.
Starting Gmin stepping
Gmin stepping succeeded in finding the operating point.

D:\Shared\LPspice_circuit\self\bone_sweep_analysis\refine\decks_20260921-232158\r3_10p0V_10uA.net(17): This pin name equals one of the port names of the sub-circuit, but at a different position. This is not a problem, but note that as a result none of the pin names may be used by any .meas expressions.
X§U2 BONE_N STIM_GATE I_SENSE T2N7002AK_G0_00 ;§pnba 3)1)2
                                                     ^

.step rb=996830
Direct Newton iteration failed to find operating point.
Starting Gmin stepping
Gmin stepping succeeded in finding the operating point.

D:\Shared\LPspice_circuit\self\bone_sweep_analysis\refine\decks_20260921-232158\r3_10p0V_10uA.net(17): This pin name equals one of the port names of the sub-circuit, but at a different position. This is not a problem, but note that as a result none of the pin names may be used by any .meas expressions.
X§U2 BONE_N STIM_GATE I_SENSE T2N7002AK_G0_00 ;§pnba 3)1)2
                                                     ^

.step rb=996840
Direct Newton iteration failed to find operating point.
Starting Gmin stepping
Gmin stepping succeeded in finding the operating point.

D:\Shared\LPspice_circuit\self\bone_sweep_analysis\refine\decks_20260921-232158\r3_10p0V_10uA.net(17): This pin name equals one of the port names of the sub-circuit, but at a different position. This is not a problem, but note that as a result none of the pin names may be used by any .meas expressions.
X§U2 BONE_N STIM_GATE I_SENSE T2N7002AK_G0_00 ;§pnba 3)1)2
                                                     ^

.step rb=996850
Direct Newton iteration failed to find operating point.
Starting Gmin stepping
Gmin stepping succeeded in finding the operating point.

D:\Shared\LPspice_circuit\self\bone_sweep_analysis\refine\decks_20260921-232158\r3_10p0V_10uA.net(17): This pin name equals one of the port names of the sub-circuit, but at a different position. This is not a problem, but note that as a result none of the pin names may be used by any .meas expressions.
X§U2 BONE_N STIM_GATE I_SENSE T2N7002AK_G0_00 ;§pnba 3)1)2
                                                     ^

.step rb=996860
Direct Newton iteration failed to find operating point.
Starting Gmin stepping
Gmin stepping succeeded in finding the operating point.

D:\Shared\LPspice_circuit\self\bone_sweep_analysis\refine\decks_20260921-232158\r3_10p0V_10uA.net(17): This pin name equals one of the port names of the sub-circuit, but at a different position. This is not a problem, but note that as a result none of the pin names may be used by any .meas expressions.
X§U2 BONE_N STIM_GATE I_SENSE T2N7002AK_G0_00 ;§pnba 3)1)2
                                                     ^

.step rb=996870
Direct Newton iteration failed to find operating point.
Starting Gmin stepping
Gmin stepping succeeded in finding the operating point.

D:\Shared\LPspice_circuit\self\bone_sweep_analysis\refine\decks_20260921-232158\r3_10p0V_10uA.net(17): This pin name equals one of the port names of the sub-circuit, but at a different position. This is not a problem, but note that as a result none of the pin names may be used by any .meas expressions.
X§U2 BONE_N STIM_GATE I_SENSE T2N7002AK_G0_00 ;§pnba 3)1)2
                                                     ^

.step rb=996880
Direct Newton iteration failed to find operating point.
Starting Gmin stepping
Gmin stepping succeeded in finding the operating point.

D:\Shared\LPspice_circuit\self\bone_sweep_analysis\refine\decks_20260921-232158\r3_10p0V_10uA.net(17): This pin name equals one of the port names of the sub-circuit, but at a different position. This is not a problem, but note that as a result none of the pin names may be used by any .meas expressions.
X§U2 BONE_N STIM_GATE I_SENSE T2N7002AK_G0_00 ;§pnba 3)1)2
                                                     ^

.step rb=996890
Direct Newton iteration failed to find operating point.
Starting Gmin stepping
Gmin stepping succeeded in finding the operating point.

D:\Shared\LPspice_circuit\self\bone_sweep_analysis\refine\decks_20260921-232158\r3_10p0V_10uA.net(17): This pin name equals one of the port names of the sub-circuit, but at a different position. This is not a problem, but note that as a result none of the pin names may be used by any .meas expressions.
X§U2 BONE_N STIM_GATE I_SENSE T2N7002AK_G0_00 ;§pnba 3)1)2
                                                     ^

.step rb=996900
Direct Newton iteration failed to find operating point.
Starting Gmin stepping
Gmin stepping succeeded in finding the operating point.

Total elapsed time: 1.036 seconds.

Files loaded:
D:\Shared\LPspice_circuit\self\bone_sweep_analysis\refine\decks_20260921-232158\r3_10p0V_10uA.net
C:\Users\Liuxm\AppData\Local\LTspice\lib\sub\Contrib\Toshiba\LVMOS\T2N7002AK_G0_00_enc.lib
C:\Users\Liuxm\AppData\Local\LTspice\lib\sub\UniversalOpAmp2.lib


Measurement: ibone
  step	AVG(-I(R_BONE) )	FROM	TO
     1	9.85001362888e-06	0.012	0.015
     2	9.85000986878e-06	0.012	0.015
     3	9.85000611937e-06	0.012	0.015
     4	9.85000234332e-06	0.012	0.015
     5	9.8499985717e-06	0.012	0.015
     6	9.849994769e-06	0.012	0.015
     7	9.84999099295e-06	0.012	0.015
     8	9.84998718644e-06	0.012	0.015
     9	9.84998343261e-06	0.012	0.015
    10	9.84997963458e-06	0.012	0.015
    11	9.84997584965e-06	0.012	0.015

Measurement: vbone
  step	AVG(V(BONE_P,BONE_N) )	FROM	TO
     1	9.81849360419	0.012	0.015
     2	9.81858835002	0.012	0.015
     3	9.81868309348	0.012	0.015
     4	9.81877783219	0.012	0.015
     5	9.81887256817	0.012	0.015
     6	9.81896730069	0.012	0.015
     7	9.81906202984	0.012	0.015
     8	9.81915675484	0.012	0.015
     9	9.81925147603	0.012	0.015
    10	9.81934619372	0.012	0.015
    11	9.81944090812	0.012	0.015

Measurement: ierr
  step	100*abs(IBONE-IREF)/IREF
     1	1.49986371121
     2	1.49990131216
     3	1.49993880626
     4	1.49997656681
     5	1.50001428296
     6	1.50005230996
     7	1.50009007052
     8	1.50012813561
     9	1.50016567392
    10	1.50020365417
    11	1.50024150354

Measurement: pass
  step	if(IERR<=1,1,0)
     1	0
     2	0
     3	0
     4	0
     5	0
     6	0
     7	0
     8	0
     9	0
    10	0
    11	0
