LTspice 26.0.2 for Windows
Circuit: D:\Shared\LPspice_circuit\self\bone_sweep_analysis\refine\decks_20260921-232158\r3_15p0V_100uA.net
Start Time: Mon Sep 21 23:22:28 2026
D:\Shared\LPspice_circuit\self\bone_sweep_analysis\refine\decks_20260921-232158\r3_15p0V_100uA.net(17): This pin name equals one of the port names of the sub-circuit, but at a different position. This is not a problem, but note that as a result none of the pin names may be used by any .meas expressions.
X§U2 BONE_N STIM_GATE I_SENSE T2N7002AK_G0_00 ;§pnba 3)1)2
                                                     ^

.step rb=149270
solver = Normal
Maximum thread count: 12
tnom = 27
temp = 27
method = trap
Direct Newton iteration failed to find operating point.
Starting Gmin stepping
Gmin stepping succeeded in finding the operating point.

D:\Shared\LPspice_circuit\self\bone_sweep_analysis\refine\decks_20260921-232158\r3_15p0V_100uA.net(17): This pin name equals one of the port names of the sub-circuit, but at a different position. This is not a problem, but note that as a result none of the pin names may be used by any .meas expressions.
X§U2 BONE_N STIM_GATE I_SENSE T2N7002AK_G0_00 ;§pnba 3)1)2
                                                     ^

.step rb=149271
Direct Newton iteration failed to find operating point.
Starting Gmin stepping
Gmin stepping succeeded in finding the operating point.

D:\Shared\LPspice_circuit\self\bone_sweep_analysis\refine\decks_20260921-232158\r3_15p0V_100uA.net(17): This pin name equals one of the port names of the sub-circuit, but at a different position. This is not a problem, but note that as a result none of the pin names may be used by any .meas expressions.
X§U2 BONE_N STIM_GATE I_SENSE T2N7002AK_G0_00 ;§pnba 3)1)2
                                                     ^

.step rb=149272
Direct Newton iteration failed to find operating point.
Starting Gmin stepping
Gmin stepping succeeded in finding the operating point.

D:\Shared\LPspice_circuit\self\bone_sweep_analysis\refine\decks_20260921-232158\r3_15p0V_100uA.net(17): This pin name equals one of the port names of the sub-circuit, but at a different position. This is not a problem, but note that as a result none of the pin names may be used by any .meas expressions.
X§U2 BONE_N STIM_GATE I_SENSE T2N7002AK_G0_00 ;§pnba 3)1)2
                                                     ^

.step rb=149273
Direct Newton iteration failed to find operating point.
Starting Gmin stepping
Gmin stepping succeeded in finding the operating point.

D:\Shared\LPspice_circuit\self\bone_sweep_analysis\refine\decks_20260921-232158\r3_15p0V_100uA.net(17): This pin name equals one of the port names of the sub-circuit, but at a different position. This is not a problem, but note that as a result none of the pin names may be used by any .meas expressions.
X§U2 BONE_N STIM_GATE I_SENSE T2N7002AK_G0_00 ;§pnba 3)1)2
                                                     ^

.step rb=149274
Direct Newton iteration failed to find operating point.
Starting Gmin stepping
Gmin stepping succeeded in finding the operating point.

D:\Shared\LPspice_circuit\self\bone_sweep_analysis\refine\decks_20260921-232158\r3_15p0V_100uA.net(17): This pin name equals one of the port names of the sub-circuit, but at a different position. This is not a problem, but note that as a result none of the pin names may be used by any .meas expressions.
X§U2 BONE_N STIM_GATE I_SENSE T2N7002AK_G0_00 ;§pnba 3)1)2
                                                     ^

.step rb=149275
Direct Newton iteration failed to find operating point.
Starting Gmin stepping
Gmin stepping succeeded in finding the operating point.

D:\Shared\LPspice_circuit\self\bone_sweep_analysis\refine\decks_20260921-232158\r3_15p0V_100uA.net(17): This pin name equals one of the port names of the sub-circuit, but at a different position. This is not a problem, but note that as a result none of the pin names may be used by any .meas expressions.
X§U2 BONE_N STIM_GATE I_SENSE T2N7002AK_G0_00 ;§pnba 3)1)2
                                                     ^

.step rb=149276
Direct Newton iteration failed to find operating point.
Starting Gmin stepping
Gmin stepping succeeded in finding the operating point.

D:\Shared\LPspice_circuit\self\bone_sweep_analysis\refine\decks_20260921-232158\r3_15p0V_100uA.net(17): This pin name equals one of the port names of the sub-circuit, but at a different position. This is not a problem, but note that as a result none of the pin names may be used by any .meas expressions.
X§U2 BONE_N STIM_GATE I_SENSE T2N7002AK_G0_00 ;§pnba 3)1)2
                                                     ^

.step rb=149277
Direct Newton iteration failed to find operating point.
Starting Gmin stepping
Gmin stepping succeeded in finding the operating point.

D:\Shared\LPspice_circuit\self\bone_sweep_analysis\refine\decks_20260921-232158\r3_15p0V_100uA.net(17): This pin name equals one of the port names of the sub-circuit, but at a different position. This is not a problem, but note that as a result none of the pin names may be used by any .meas expressions.
X§U2 BONE_N STIM_GATE I_SENSE T2N7002AK_G0_00 ;§pnba 3)1)2
                                                     ^

.step rb=149278
Direct Newton iteration failed to find operating point.
Starting Gmin stepping
Gmin stepping succeeded in finding the operating point.

D:\Shared\LPspice_circuit\self\bone_sweep_analysis\refine\decks_20260921-232158\r3_15p0V_100uA.net(17): This pin name equals one of the port names of the sub-circuit, but at a different position. This is not a problem, but note that as a result none of the pin names may be used by any .meas expressions.
X§U2 BONE_N STIM_GATE I_SENSE T2N7002AK_G0_00 ;§pnba 3)1)2
                                                     ^

.step rb=149279
Direct Newton iteration failed to find operating point.
Starting Gmin stepping
Gmin stepping succeeded in finding the operating point.

D:\Shared\LPspice_circuit\self\bone_sweep_analysis\refine\decks_20260921-232158\r3_15p0V_100uA.net(17): This pin name equals one of the port names of the sub-circuit, but at a different position. This is not a problem, but note that as a result none of the pin names may be used by any .meas expressions.
X§U2 BONE_N STIM_GATE I_SENSE T2N7002AK_G0_00 ;§pnba 3)1)2
                                                     ^

.step rb=149280
Direct Newton iteration failed to find operating point.
Starting Gmin stepping
Gmin stepping succeeded in finding the operating point.

Total elapsed time: 0.526 seconds.

Files loaded:
D:\Shared\LPspice_circuit\self\bone_sweep_analysis\refine\decks_20260921-232158\r3_15p0V_100uA.net
C:\Users\Liuxm\AppData\Local\LTspice\lib\sub\Contrib\Toshiba\LVMOS\T2N7002AK_G0_00_enc.lib
C:\Users\Liuxm\AppData\Local\LTspice\lib\sub\UniversalOpAmp2.lib


Measurement: ibone
  step	AVG(-I(R_BONE) )	FROM	TO
     1	9.85006845365e-05	0.012	0.015
     2	9.85000369763e-05	0.012	0.015
     3	9.8499389416e-05	0.012	0.015
     4	9.84987418558e-05	0.012	0.015
     5	9.84980942956e-05	0.012	0.015
     6	9.84974467353e-05	0.012	0.015
     7	9.84967991751e-05	0.012	0.015
     8	9.8496154974e-05	0.012	0.015
     9	9.84955076964e-05	0.012	0.015
    10	9.84948601361e-05	0.012	0.015
    11	9.84942125845e-05	0.012	0.015

Measurement: vbone
  step	AVG(V(BONE_P,BONE_N) )	FROM	TO
     1	14.703196786	0.012	0.015
     2	14.7031987298	0.012	0.015
     3	14.7032006712	0.012	0.015
     4	14.7032026155	0.012	0.015
     5	14.7032045593	0.012	0.015
     6	14.7032065008	0.012	0.015
     7	14.7032084449	0.012	0.015
     8	14.7032103848	0.012	0.015
     9	14.70321233	0.012	0.015
    10	14.7032142735	0.012	0.015
    11	14.703216214	0.012	0.015

Measurement: ierr
  step	100*abs(IBONE-IREF)/IREF
     1	1.49931546349
     2	1.49996302373
     3	1.50061058396
     4	1.50125814419
     5	1.50190570443
     6	1.50255326466
     7	1.5032008249
     8	1.50384502602
     9	1.50449230364
    10	1.50513986387
    11	1.50578741547

Measurement: pass
  step	if(IERR<=1,1,0)
     1	0
     2	0
     3	0
     4	0
     5	0
     6	0
     7	0
     8	0
     9	0
    10	0
    11	0
