LTspice 26.0.2 for Windows
Circuit: D:\Shared\LPspice_circuit\self\bone_sweep_analysis\refine\decks_20260921-232158\r3_12p0V_20uA.net
Start Time: Mon Sep 21 23:22:26 2026
D:\Shared\LPspice_circuit\self\bone_sweep_analysis\refine\decks_20260921-232158\r3_12p0V_20uA.net(17): This pin name equals one of the port names of the sub-circuit, but at a different position. This is not a problem, but note that as a result none of the pin names may be used by any .meas expressions.
X§U2 BONE_N STIM_GATE I_SENSE T2N7002AK_G0_00 ;§pnba 3)1)2
                                                     ^

.step rb=606080
solver = Normal
Maximum thread count: 12
tnom = 27
temp = 27
method = trap
Direct Newton iteration failed to find operating point.
Starting Gmin stepping
Gmin stepping succeeded in finding the operating point.

D:\Shared\LPspice_circuit\self\bone_sweep_analysis\refine\decks_20260921-232158\r3_12p0V_20uA.net(17): This pin name equals one of the port names of the sub-circuit, but at a different position. This is not a problem, but note that as a result none of the pin names may be used by any .meas expressions.
X§U2 BONE_N STIM_GATE I_SENSE T2N7002AK_G0_00 ;§pnba 3)1)2
                                                     ^

.step rb=606081
Direct Newton iteration failed to find operating point.
Starting Gmin stepping
Gmin stepping succeeded in finding the operating point.

D:\Shared\LPspice_circuit\self\bone_sweep_analysis\refine\decks_20260921-232158\r3_12p0V_20uA.net(17): This pin name equals one of the port names of the sub-circuit, but at a different position. This is not a problem, but note that as a result none of the pin names may be used by any .meas expressions.
X§U2 BONE_N STIM_GATE I_SENSE T2N7002AK_G0_00 ;§pnba 3)1)2
                                                     ^

.step rb=606082
Direct Newton iteration failed to find operating point.
Starting Gmin stepping
Gmin stepping succeeded in finding the operating point.

D:\Shared\LPspice_circuit\self\bone_sweep_analysis\refine\decks_20260921-232158\r3_12p0V_20uA.net(17): This pin name equals one of the port names of the sub-circuit, but at a different position. This is not a problem, but note that as a result none of the pin names may be used by any .meas expressions.
X§U2 BONE_N STIM_GATE I_SENSE T2N7002AK_G0_00 ;§pnba 3)1)2
                                                     ^

.step rb=606083
Direct Newton iteration failed to find operating point.
Starting Gmin stepping
Gmin stepping succeeded in finding the operating point.

D:\Shared\LPspice_circuit\self\bone_sweep_analysis\refine\decks_20260921-232158\r3_12p0V_20uA.net(17): This pin name equals one of the port names of the sub-circuit, but at a different position. This is not a problem, but note that as a result none of the pin names may be used by any .meas expressions.
X§U2 BONE_N STIM_GATE I_SENSE T2N7002AK_G0_00 ;§pnba 3)1)2
                                                     ^

.step rb=606084
Direct Newton iteration failed to find operating point.
Starting Gmin stepping
Gmin stepping succeeded in finding the operating point.

D:\Shared\LPspice_circuit\self\bone_sweep_analysis\refine\decks_20260921-232158\r3_12p0V_20uA.net(17): This pin name equals one of the port names of the sub-circuit, but at a different position. This is not a problem, but note that as a result none of the pin names may be used by any .meas expressions.
X§U2 BONE_N STIM_GATE I_SENSE T2N7002AK_G0_00 ;§pnba 3)1)2
                                                     ^

.step rb=606085
Direct Newton iteration failed to find operating point.
Starting Gmin stepping
Gmin stepping succeeded in finding the operating point.

D:\Shared\LPspice_circuit\self\bone_sweep_analysis\refine\decks_20260921-232158\r3_12p0V_20uA.net(17): This pin name equals one of the port names of the sub-circuit, but at a different position. This is not a problem, but note that as a result none of the pin names may be used by any .meas expressions.
X§U2 BONE_N STIM_GATE I_SENSE T2N7002AK_G0_00 ;§pnba 3)1)2
                                                     ^

.step rb=606086
Direct Newton iteration failed to find operating point.
Starting Gmin stepping
Gmin stepping succeeded in finding the operating point.

D:\Shared\LPspice_circuit\self\bone_sweep_analysis\refine\decks_20260921-232158\r3_12p0V_20uA.net(17): This pin name equals one of the port names of the sub-circuit, but at a different position. This is not a problem, but note that as a result none of the pin names may be used by any .meas expressions.
X§U2 BONE_N STIM_GATE I_SENSE T2N7002AK_G0_00 ;§pnba 3)1)2
                                                     ^

.step rb=606087
Direct Newton iteration failed to find operating point.
Starting Gmin stepping
Gmin stepping succeeded in finding the operating point.

D:\Shared\LPspice_circuit\self\bone_sweep_analysis\refine\decks_20260921-232158\r3_12p0V_20uA.net(17): This pin name equals one of the port names of the sub-circuit, but at a different position. This is not a problem, but note that as a result none of the pin names may be used by any .meas expressions.
X§U2 BONE_N STIM_GATE I_SENSE T2N7002AK_G0_00 ;§pnba 3)1)2
                                                     ^

.step rb=606088
Direct Newton iteration failed to find operating point.
Starting Gmin stepping
Gmin stepping succeeded in finding the operating point.

D:\Shared\LPspice_circuit\self\bone_sweep_analysis\refine\decks_20260921-232158\r3_12p0V_20uA.net(17): This pin name equals one of the port names of the sub-circuit, but at a different position. This is not a problem, but note that as a result none of the pin names may be used by any .meas expressions.
X§U2 BONE_N STIM_GATE I_SENSE T2N7002AK_G0_00 ;§pnba 3)1)2
                                                     ^

.step rb=606089
Direct Newton iteration failed to find operating point.
Starting Gmin stepping
Gmin stepping succeeded in finding the operating point.

D:\Shared\LPspice_circuit\self\bone_sweep_analysis\refine\decks_20260921-232158\r3_12p0V_20uA.net(17): This pin name equals one of the port names of the sub-circuit, but at a different position. This is not a problem, but note that as a result none of the pin names may be used by any .meas expressions.
X§U2 BONE_N STIM_GATE I_SENSE T2N7002AK_G0_00 ;§pnba 3)1)2
                                                     ^

.step rb=606090
Direct Newton iteration failed to find operating point.
Starting Gmin stepping
Gmin stepping succeeded in finding the operating point.

Total elapsed time: 1.025 seconds.

Files loaded:
D:\Shared\LPspice_circuit\self\bone_sweep_analysis\refine\decks_20260921-232158\r3_12p0V_20uA.net
C:\Users\Liuxm\AppData\Local\LTspice\lib\sub\Contrib\Toshiba\LVMOS\T2N7002AK_G0_00_enc.lib
C:\Users\Liuxm\AppData\Local\LTspice\lib\sub\UniversalOpAmp2.lib


Measurement: ibone
  step	AVG(-I(R_BONE) )	FROM	TO
     1	1.97001057168e-05	0.012	0.015
     2	1.97000737274e-05	0.012	0.015
     3	1.97000417053e-05	0.012	0.015
     4	1.97000096751e-05	0.012	0.015
     5	1.96999776448e-05	0.012	0.015
     6	1.96999456703e-05	0.012	0.015
     7	1.96999137467e-05	0.012	0.015
     8	1.96998816595e-05	0.012	0.015
     9	1.96998496641e-05	0.012	0.015
    10	1.96998175539e-05	0.012	0.015
    11	1.96997856658e-05	0.012	0.015

Measurement: vbone
  step	AVG(V(BONE_P,BONE_N) )	FROM	TO
     1	11.9398400856	0.012	0.015
     2	11.9398403864	0.012	0.015
     3	11.939840687	0.012	0.015
     4	11.9398409874	0.012	0.015
     5	11.939841287	0.012	0.015
     6	11.9398415863	0.012	0.015
     7	11.9398418855	0.012	0.015
     8	11.9398421842	0.012	0.015
     9	11.9398424824	0.012	0.015
    10	11.9398427804	0.012	0.015
    11	11.9398430781	0.012	0.015

Measurement: ierr
  step	100*abs(IBONE-IREF)/IREF
     1	1.49947141595
     2	1.49963136306
     3	1.49979147341
     4	1.4999516247
     5	1.50011177597
     6	1.50027164835
     7	1.50043126674
     8	1.50059170235
     9	1.50075167947
    10	1.50091223045
    11	1.50107167118

Measurement: pass
  step	if(IERR<=1,1,0)
     1	0
     2	0
     3	0
     4	0
     5	0
     6	0
     7	0
     8	0
     9	0
    10	0
    11	0
