LTspice 26.0.2 for Windows
Circuit: D:\Shared\输出端原理图\ltspice\decks\core_gate_margin.cir
Start Time: Mon Sep 21 16:13:07 2026
Options:gminsteps=0 srcsteps=0 plotwinsize=0 numdgt=7
solver = Normal
Maximum thread count: 12
tnom = 27
temp = 27
method = trap
Instance "xq1:M1": Width narrower than recommended for a level 3 MOSFET.
Direct Newton iteration failed to find operating point.
Gmin stepping method for .op point skipped.
Source stepping method for .op point skipped.
Gmin stepping method for .op point skipped.
Source stepping method for .op point skipped.
Pseudo Transient succeeded in finding the operating point at 16.6841 s
Direct Newton iteration failed to find operating point.
Gmin stepping method for .op point skipped.
Source stepping method for .op point skipped.
Gmin stepping method for .op point skipped.
Source stepping method for .op point skipped.
Pseudo Transient succeeded in finding the operating point at 16.6185 s
Direct Newton iteration succeeded in finding operating point.
Direct Newton iteration failed to find operating point.
Gmin stepping method for .op point skipped.
Source stepping method for .op point skipped.
Gmin stepping method for .op point skipped.
Source stepping method for .op point skipped.
Pseudo Transient succeeded in finding the operating point at 17.4963 s
Total elapsed time: 0.708 seconds.

Files loaded:
D:\Shared\输出端原理图\ltspice\decks\core_gate_margin.cir
D:\Shared\输出端原理图\ltspice\models\OPAx333.LIB
D:\Shared\输出端原理图\ltspice\models\2N7002_VTO25.lib
D:\Shared\输出端原理图\ltspice\inc\solver.inc
D:\Shared\输出端原理图\ltspice\inc\core.inc
D:\Shared\输出端原理图\ltspice\inc\sink.inc

i_bone: I(R_BONE)=9.67166166262e-05
i_sense_r: I(R10)=9.69691053435e-05
v_iset: V(I_SET)=0.290907879076
v_sense: V(I_SENSE)=0.290907316031
v_gate: V(STIM_GATE)=2.81416135529
v_outa: V(OUTA)=2.81668547644
v_bone: V(BONE_P,BONE_N)=6.28658008071
