LTspice 26.0.2 for Windows
Circuit: D:\Shared\输出端原理图\ltspice\decks\core_startup.cir
Start Time: Mon Sep 21 16:12:55 2026
Options:gminsteps=0 srcsteps=0 plotwinsize=0 numdgt=7
solver = Normal
Maximum thread count: 12
tnom = 27
temp = 27
method = trap
Instance "xq1:M1": Width narrower than recommended for a level 3 MOSFET.
Direct Newton iteration failed to find operating point.
Gmin stepping method for .op point skipped.
Source stepping method for .op point skipped.
Gmin stepping method for .op point skipped.
Source stepping method for .op point skipped.
Pseudo Transient succeeded in finding the operating point at 12.7896 s
Total elapsed time: 2.730 seconds.

Files loaded:
D:\Shared\输出端原理图\ltspice\decks\core_startup.cir
D:\Shared\输出端原理图\ltspice\models\OPAx333.LIB
D:\Shared\输出端原理图\ltspice\models\2N7002_DIODES.lib
D:\Shared\输出端原理图\ltspice\inc\solver.inc
D:\Shared\输出端原理图\ltspice\inc\core.inc
D:\Shared\输出端原理图\ltspice\inc\sink.inc

i_final: AVG(I(R_BONE) )=9.97817038676e-05 FROM 2.9 TO 3
i_final_min: MIN(I(R_BONE) )=9.97817025843e-05 FROM 2.9 TO 3
i_final_max: MAX(I(R_BONE) )=9.97817051164e-05 FROM 2.9 TO 3
i_peak: MAX(I(R_BONE))=9.98137551957e-05 FROM 0 TO 3
v_outa_min: MIN(V(OUTA))=-0.00507720982029 FROM 0 TO 3
v_outa_max: MAX(V(OUTA))=2.47987370893 FROM 0 TO 3
