LTspice 26.0.2 for Windows
Circuit: D:\Shared\输出端原理图\ltspice\decks\core_reconnect.cir
Start Time: Mon Sep 21 16:12:58 2026
Options:gminsteps=0 srcsteps=0 plotwinsize=0 numdgt=7
solver = Normal
Maximum thread count: 12
tnom = 27
temp = 27
method = trap
D:\Shared\输出端原理图\ltspice\decks\core_reconnect.cir(18): WARNING: Specified period is not longer than the sum of Trise, Tfall, and Ton. Increasing period to 1.

VCTRL CTRL 0 PULSE(0 1 5m 1u 1u 1 20m)
^^^^^^^^^^^^^^^^^^^^^^^^^^^^^^^^^^^^^^
Instance "xq1:M1": Width narrower than recommended for a level 3 MOSFET.
Direct Newton iteration failed to find operating point.
Gmin stepping method for .op point skipped.
Source stepping method for .op point skipped.
Gmin stepping method for .op point skipped.
Source stepping method for .op point skipped.
Pseudo Transient succeeded in finding the operating point at 18.2325 s
Total elapsed time: 3.367 seconds.

Files loaded:
D:\Shared\输出端原理图\ltspice\decks\core_reconnect.cir
D:\Shared\输出端原理图\ltspice\models\OPAx333.LIB
D:\Shared\输出端原理图\ltspice\models\2N7002_DIODES.lib
D:\Shared\输出端原理图\ltspice\inc\solver.inc
D:\Shared\输出端原理图\ltspice\inc\sink.inc

i_before: AVG((I(R_BONE)) )=9.97815988912e-05 FROM 0.0045 TO 0.005
i_peak: MAX((I(R_BONE)+I(RB)) )=0.000634274489703 FROM 0.005 TO 0.01
i_min: MIN((I(R_BONE)+I(RB)) )=-7.28187937167e-07 FROM 0.005 TO 0.01
i_after: AVG((I(R_BONE)+I(RB)) )=9.97816627473e-05 FROM 0.02 TO 0.025
