LTspice 26.0.2 for Windows
Circuit: D:\Shared\输出端原理图\ltspice\decks\core_compliance.cir
Start Time: Mon Sep 21 16:12:47 2026
Options:gminsteps=0 srcsteps=0 plotwinsize=0 numdgt=7
solver = Normal
Maximum thread count: 12
tnom = 27
temp = 27
method = trap
Instance "xq1:M1": Width narrower than recommended for a level 3 MOSFET.
Direct Newton iteration failed to find operating point.
Gmin stepping method for .op point skipped.
Source stepping method for .op point skipped.
Gmin stepping method for .op point skipped.
Source stepping method for .op point skipped.
Pseudo Transient succeeded in finding the operating point at 17.1683 s
Direct Newton iteration failed to find operating point.
Gmin stepping method for .op point skipped.
Source stepping method for .op point skipped.
Gmin stepping method for .op point skipped.
Source stepping method for .op point skipped.
Pseudo Transient failed to find the operating point at 8.91606 ms
Pseudo Transient level 2 failed to find the operating point at 7.70108 ms
Direct Newton iteration failed to find operating point.
Gmin stepping method for .op point skipped.
Source stepping method for .op point skipped.
Gmin stepping method for .op point skipped.
Source stepping method for .op point skipped.
Pseudo Transient failed to find the operating point at 7.81755 ms
Pseudo Transient level 2 failed to find the operating point at 8.38034 ms
Direct Newton iteration failed to find operating point.
Gmin stepping method for .op point skipped.
Source stepping method for .op point skipped.
Gmin stepping method for .op point skipped.
Source stepping method for .op point skipped.
Pseudo Transient failed to find the operating point at 7.18492 ms
Pseudo Transient level 2 failed to find the operating point at 7.64194 ms
Direct Newton iteration failed to find operating point.
Gmin stepping method for .op point skipped.
Source stepping method for .op point skipped.
Gmin stepping method for .op point skipped.
Source stepping method for .op point skipped.
Pseudo Transient succeeded in finding the operating point at 11.5667 s
Direct Newton iteration failed to find operating point.
Gmin stepping method for .op point skipped.
Source stepping method for .op point skipped.
Gmin stepping method for .op point skipped.
Source stepping method for .op point skipped.
Pseudo Transient succeeded in finding the operating point at 16.5418 s
Direct Newton iteration failed to find operating point.
Gmin stepping method for .op point skipped.
Source stepping method for .op point skipped.
Gmin stepping method for .op point skipped.
Source stepping method for .op point skipped.
Pseudo Transient succeeded in finding the operating point at 15.7682 s
Direct Newton iteration failed to find operating point.
Gmin stepping method for .op point skipped.
Source stepping method for .op point skipped.
Gmin stepping method for .op point skipped.
Source stepping method for .op point skipped.
Pseudo Transient succeeded in finding the operating point at 15.4997 s
Direct Newton iteration failed to find operating point.
Gmin stepping method for .op point skipped.
Source stepping method for .op point skipped.
Gmin stepping method for .op point skipped.
Source stepping method for .op point skipped.
Pseudo Transient succeeded in finding the operating point at 12.814 s
Direct Newton iteration failed to find operating point.
Gmin stepping method for .op point skipped.
Source stepping method for .op point skipped.
Gmin stepping method for .op point skipped.
Source stepping method for .op point skipped.
Pseudo Transient succeeded in finding the operating point at 12.4017 s
Total elapsed time: 6.669 seconds.

Files loaded:
D:\Shared\输出端原理图\ltspice\decks\core_compliance.cir
D:\Shared\输出端原理图\ltspice\models\OPAx333.LIB
D:\Shared\输出端原理图\ltspice\models\2N7002_DIODES.lib
D:\Shared\输出端原理图\ltspice\inc\solver.inc
D:\Shared\输出端原理图\ltspice\inc\sink.inc

