LTspice 26.0.2 for Windows
Circuit: D:\Shared\输出端原理图\ltspice\decks\core_op.cir
Start Time: Mon Sep 21 16:12:44 2026
Options:gminsteps=0 srcsteps=0 plotwinsize=0 numdgt=7
solver = Normal
Maximum thread count: 12
tnom = 27
temp = 27
method = trap
Instance "xq1:M1": Width narrower than recommended for a level 3 MOSFET.
Direct Newton iteration failed to find operating point.
Gmin stepping method for .op point skipped.
Source stepping method for .op point skipped.
Gmin stepping method for .op point skipped.
Source stepping method for .op point skipped.
Pseudo Transient succeeded in finding the operating point at 17.1824 s
Direct Newton iteration failed to find operating point.
Gmin stepping method for .op point skipped.
Source stepping method for .op point skipped.
Gmin stepping method for .op point skipped.
Source stepping method for .op point skipped.
Pseudo Transient succeeded in finding the operating point at 16.877 s
Direct Newton iteration failed to find operating point.
Gmin stepping method for .op point skipped.
Source stepping method for .op point skipped.
Gmin stepping method for .op point skipped.
Source stepping method for .op point skipped.
Pseudo Transient succeeded in finding the operating point at 16.9141 s
Direct Newton iteration failed to find operating point.
Gmin stepping method for .op point skipped.
Source stepping method for .op point skipped.
Gmin stepping method for .op point skipped.
Source stepping method for .op point skipped.
Pseudo Transient succeeded in finding the operating point at 17.1291 s
Total elapsed time: 1.974 seconds.

Files loaded:
D:\Shared\输出端原理图\ltspice\decks\core_op.cir
D:\Shared\输出端原理图\ltspice\models\OPAx333.LIB
D:\Shared\输出端原理图\ltspice\models\2N7002_DIODES.lib
D:\Shared\输出端原理图\ltspice\inc\solver.inc
D:\Shared\输出端原理图\ltspice\inc\core.inc
D:\Shared\输出端原理图\ltspice\inc\sink.inc

i_bone: I(R_BONE)=9.97815636567e-05
i_sense_r: I(R10)=9.99994758148e-05
v_iset: V(I_SET)=0.29999879206
v_sense: V(I_SENSE)=0.299998427444
v_gate: V(STIM_GATE)=2.47761818556
v_outa: V(OUTA)=2.47979653939
v_bone: V(BONE_P,BONE_N)=6.48580163768
v_drain: V(BONE_N)=1.51579836232
