LTspice 26.0.2 for Windows
Circuit: D:\Shared\输出端原理图\ltspice\decks\core_gate_cliff.cir
Start Time: Mon Sep 21 16:13:09 2026
Options:gminsteps=0 srcsteps=0 plotwinsize=0 numdgt=7
solver = Normal
Maximum thread count: 12
tnom = 27
temp = 27
method = trap
Instance "xq1:M1": Width narrower than recommended for a level 3 MOSFET.
Direct Newton iteration failed to find operating point.
Gmin stepping method for .op point skipped.
Source stepping method for .op point skipped.
Gmin stepping method for .op point skipped.
Source stepping method for .op point skipped.
Pseudo Transient succeeded in finding the operating point at 15.6384 s
Direct Newton iteration failed to find operating point.
Gmin stepping method for .op point skipped.
Source stepping method for .op point skipped.
Gmin stepping method for .op point skipped.
Source stepping method for .op point skipped.
Pseudo Transient succeeded in finding the operating point at 16.6775 s
Direct Newton iteration succeeded in finding operating point.
Direct Newton iteration failed to find operating point.
Gmin stepping method for .op point skipped.
Source stepping method for .op point skipped.
Gmin stepping method for .op point skipped.
Source stepping method for .op point skipped.
Pseudo Transient succeeded in finding the operating point at 16.2811 s
Total elapsed time: 1.600 seconds.

Files loaded:
D:\Shared\输出端原理图\ltspice\decks\core_gate_cliff.cir
D:\Shared\输出端原理图\ltspice\models\OPAx333.LIB
D:\Shared\输出端原理图\ltspice\models\2N7002_VTO30.lib
D:\Shared\输出端原理图\ltspice\inc\solver.inc
D:\Shared\输出端原理图\ltspice\inc\core.inc
D:\Shared\输出端原理图\ltspice\inc\sink.inc

i_bone: I(R_BONE)=5.01815629138e-05
i_sense_r: I(R10)=5.04833140068e-05
v_iset: V(I_SET)=0.290907868432
v_sense: V(I_SENSE)=0.15144994202
v_gate: V(STIM_GATE)=3.16819837113
v_outa: V(OUTA)=3.17121510374
v_bone: V(BONE_P,BONE_N)=3.26180158939
