LTspice 26.0.2 for Windows
Circuit: D:\Shared\输出端原理图\ltspice\decks\full_bus_dc.cir
Start Time: Mon Sep 21 16:13:03 2026
Options:gminsteps=0 srcsteps=0 plotwinsize=0 numdgt=7
solver = Normal
Maximum thread count: 12
tnom = 27
temp = 27
method = trap
Instance "xq1:M1": Width narrower than recommended for a level 3 MOSFET.
Direct Newton iteration failed to find operating point.
Gmin stepping method for .op point skipped.
Source stepping method for .op point skipped.
Gmin stepping method for .op point skipped.
Source stepping method for .op point skipped.
Pseudo Transient succeeded in finding the operating point at 16.8863 s
Direct Newton iteration failed to find operating point.
Gmin stepping method for .op point skipped.
Source stepping method for .op point skipped.
Gmin stepping method for .op point skipped.
Source stepping method for .op point skipped.
Pseudo Transient succeeded in finding the operating point at 17.1484 s
Direct Newton iteration failed to find operating point.
Gmin stepping method for .op point skipped.
Source stepping method for .op point skipped.
Gmin stepping method for .op point skipped.
Source stepping method for .op point skipped.
Pseudo Transient succeeded in finding the operating point at 17.3786 s
Direct Newton iteration failed to find operating point.
Gmin stepping method for .op point skipped.
Source stepping method for .op point skipped.
Gmin stepping method for .op point skipped.
Source stepping method for .op point skipped.
Pseudo Transient succeeded in finding the operating point at 19.3538 s
Total elapsed time: 1.005 seconds.

Files loaded:
D:\Shared\输出端原理图\ltspice\decks\full_bus_dc.cir
D:\Shared\输出端原理图\ltspice\models\OPAx333.LIB
D:\Shared\输出端原理图\ltspice\models\2N7002_DIODES.lib
D:\Shared\输出端原理图\ltspice\models\APPROX_NOT_VENDOR.lib
D:\Shared\输出端原理图\ltspice\inc\solver.inc
D:\Shared\输出端原理图\ltspice\inc\power.inc
D:\Shared\输出端原理图\ltspice\inc\core.inc
D:\Shared\输出端原理图\ltspice\inc\sink.inc

