LTspice 26.0.2 for Windows
Circuit: D:\Shared\LPspice_circuit\self\bone_sweep_analysis\refine\decks_20260921-224919\r1_12p0V_50uA.net
Start Time: Mon Sep 21 22:49:26 2026
D:\Shared\LPspice_circuit\self\bone_sweep_analysis\refine\decks_20260921-224919\r1_12p0V_50uA.net(17): This pin name equals one of the port names of the sub-circuit, but at a different position. This is not a problem, but note that as a result none of the pin names may be used by any .meas expressions.
X§U2 BONE_N STIM_GATE I_SENSE T2N7002AK_G0_00 ;§pnba 3)1)2
                                                     ^

.step rb=239400
solver = Normal
Maximum thread count: 12
tnom = 27
temp = 27
method = trap
Direct Newton iteration failed to find operating point.
Starting Gmin stepping
Gmin stepping succeeded in finding the operating point.

D:\Shared\LPspice_circuit\self\bone_sweep_analysis\refine\decks_20260921-224919\r1_12p0V_50uA.net(17): This pin name equals one of the port names of the sub-circuit, but at a different position. This is not a problem, but note that as a result none of the pin names may be used by any .meas expressions.
X§U2 BONE_N STIM_GATE I_SENSE T2N7002AK_G0_00 ;§pnba 3)1)2
                                                     ^

.step rb=239401
Direct Newton iteration failed to find operating point.
Starting Gmin stepping
Gmin stepping succeeded in finding the operating point.

D:\Shared\LPspice_circuit\self\bone_sweep_analysis\refine\decks_20260921-224919\r1_12p0V_50uA.net(17): This pin name equals one of the port names of the sub-circuit, but at a different position. This is not a problem, but note that as a result none of the pin names may be used by any .meas expressions.
X§U2 BONE_N STIM_GATE I_SENSE T2N7002AK_G0_00 ;§pnba 3)1)2
                                                     ^

.step rb=239402
Direct Newton iteration failed to find operating point.
Starting Gmin stepping
Gmin stepping succeeded in finding the operating point.

D:\Shared\LPspice_circuit\self\bone_sweep_analysis\refine\decks_20260921-224919\r1_12p0V_50uA.net(17): This pin name equals one of the port names of the sub-circuit, but at a different position. This is not a problem, but note that as a result none of the pin names may be used by any .meas expressions.
X§U2 BONE_N STIM_GATE I_SENSE T2N7002AK_G0_00 ;§pnba 3)1)2
                                                     ^

.step rb=239403
Direct Newton iteration failed to find operating point.
Starting Gmin stepping
Gmin stepping succeeded in finding the operating point.

D:\Shared\LPspice_circuit\self\bone_sweep_analysis\refine\decks_20260921-224919\r1_12p0V_50uA.net(17): This pin name equals one of the port names of the sub-circuit, but at a different position. This is not a problem, but note that as a result none of the pin names may be used by any .meas expressions.
X§U2 BONE_N STIM_GATE I_SENSE T2N7002AK_G0_00 ;§pnba 3)1)2
                                                     ^

.step rb=239404
Direct Newton iteration failed to find operating point.
Starting Gmin stepping
Gmin stepping succeeded in finding the operating point.

D:\Shared\LPspice_circuit\self\bone_sweep_analysis\refine\decks_20260921-224919\r1_12p0V_50uA.net(17): This pin name equals one of the port names of the sub-circuit, but at a different position. This is not a problem, but note that as a result none of the pin names may be used by any .meas expressions.
X§U2 BONE_N STIM_GATE I_SENSE T2N7002AK_G0_00 ;§pnba 3)1)2
                                                     ^

.step rb=239405
Direct Newton iteration failed to find operating point.
Starting Gmin stepping
Gmin stepping succeeded in finding the operating point.

D:\Shared\LPspice_circuit\self\bone_sweep_analysis\refine\decks_20260921-224919\r1_12p0V_50uA.net(17): This pin name equals one of the port names of the sub-circuit, but at a different position. This is not a problem, but note that as a result none of the pin names may be used by any .meas expressions.
X§U2 BONE_N STIM_GATE I_SENSE T2N7002AK_G0_00 ;§pnba 3)1)2
                                                     ^

.step rb=239406
Direct Newton iteration failed to find operating point.
Starting Gmin stepping
Gmin stepping succeeded in finding the operating point.

D:\Shared\LPspice_circuit\self\bone_sweep_analysis\refine\decks_20260921-224919\r1_12p0V_50uA.net(17): This pin name equals one of the port names of the sub-circuit, but at a different position. This is not a problem, but note that as a result none of the pin names may be used by any .meas expressions.
X§U2 BONE_N STIM_GATE I_SENSE T2N7002AK_G0_00 ;§pnba 3)1)2
                                                     ^

.step rb=239407
Direct Newton iteration failed to find operating point.
Starting Gmin stepping
Gmin stepping succeeded in finding the operating point.

D:\Shared\LPspice_circuit\self\bone_sweep_analysis\refine\decks_20260921-224919\r1_12p0V_50uA.net(17): This pin name equals one of the port names of the sub-circuit, but at a different position. This is not a problem, but note that as a result none of the pin names may be used by any .meas expressions.
X§U2 BONE_N STIM_GATE I_SENSE T2N7002AK_G0_00 ;§pnba 3)1)2
                                                     ^

.step rb=239408
Direct Newton iteration failed to find operating point.
Starting Gmin stepping
Gmin stepping succeeded in finding the operating point.

D:\Shared\LPspice_circuit\self\bone_sweep_analysis\refine\decks_20260921-224919\r1_12p0V_50uA.net(17): This pin name equals one of the port names of the sub-circuit, but at a different position. This is not a problem, but note that as a result none of the pin names may be used by any .meas expressions.
X§U2 BONE_N STIM_GATE I_SENSE T2N7002AK_G0_00 ;§pnba 3)1)2
                                                     ^

.step rb=239409
Direct Newton iteration failed to find operating point.
Starting Gmin stepping
Gmin stepping succeeded in finding the operating point.

D:\Shared\LPspice_circuit\self\bone_sweep_analysis\refine\decks_20260921-224919\r1_12p0V_50uA.net(17): This pin name equals one of the port names of the sub-circuit, but at a different position. This is not a problem, but note that as a result none of the pin names may be used by any .meas expressions.
X§U2 BONE_N STIM_GATE I_SENSE T2N7002AK_G0_00 ;§pnba 3)1)2
                                                     ^

.step rb=239410
Direct Newton iteration failed to find operating point.
Starting Gmin stepping
Gmin stepping succeeded in finding the operating point.

Total elapsed time: 2.293 seconds.

Files loaded:
D:\Shared\LPspice_circuit\self\bone_sweep_analysis\refine\decks_20260921-224919\r1_12p0V_50uA.net
C:\Users\Liuxm\AppData\Local\LTspice\lib\sub\Contrib\Toshiba\LVMOS\T2N7002AK_G0_00_enc.lib
C:\Users\Liuxm\AppData\Local\LTspice\lib\sub\UniversalOpAmp2.lib


Measurement: ibone
  step	AVG(-I(R_BONE) )	FROM	TO
     1	4.9500038483e-05	0.012	0.015
     2	4.94998339828e-05	0.012	0.015
     3	4.94996303447e-05	0.012	0.015
     4	4.94994264354e-05	0.012	0.015
     5	4.94992223005e-05	0.012	0.015
     6	4.94990183954e-05	0.012	0.015
     7	4.94988148817e-05	0.012	0.015
     8	4.94986109593e-05	0.012	0.015
     9	4.9498407268e-05	0.012	0.015
    10	4.94982027991e-05	0.012	0.015
    11	4.94979991433e-05	0.012	0.015

Measurement: vbone
  step	AVG(V(BONE_P,BONE_N) )	FROM	TO
     1	11.8503091415	0.012	0.015
     2	11.8503098232	0.012	0.015
     3	11.8503105056	0.012	0.015
     4	11.8503111884	0.012	0.015
     5	11.8503118701	0.012	0.015
     6	11.8503125533	0.012	0.015
     7	11.850313235	0.012	0.015
     8	11.8503139178	0.012	0.015
     9	11.8503146001	0.012	0.015
    10	11.8503152825	0.012	0.015
    11	11.850315966	0.012	0.015

Measurement: ierr
  step	100*abs(IBONE-IREF)/IREF
     1	0.999923034021
     2	1.00033203446
     3	1.00073931064
     4	1.00114712925
     5	1.00155539892
     6	1.0019632092
     7	1.00237023669
     8	1.00277808131
     9	1.00318546407
    10	1.00359440173
    11	1.00400171343

Measurement: pass
  step	if(IERR<=1,1,0)
     1	1
     2	0
     3	0
     4	0
     5	0
     6	0
     7	0
     8	0
     9	0
    10	0
    11	0
